* [32mmain[m
  [31mremotes/origin/HEAD[m -> origin/main
  [31mremotes/origin/blog-app[m
  [31mremotes/origin/dev-portfolio[m
  [31mremotes/origin/ecommerce[m
  [31mremotes/origin/fullstack-youtube-clone[m
  [31mremotes/origin/js-filter[m
  [31mremotes/origin/js-quiz[m
  [31mremotes/origin/js-slider[m
  [31mremotes/origin/main[m
  [31mremotes/origin/mern-booking[m
  [31mremotes/origin/react-admin[m
  [31mremotes/origin/react-booking-ui[m
  [31mremotes/origin/react-chat[m
  [31mremotes/origin/react-firebase[m
  [31mremotes/origin/react-mini[m
  [31mremotes/origin/react-mui[m
  [31mremotes/origin/react-mysql[m
  [31mremotes/origin/react-social-ui[m
  [31mremotes/origin/react-testing[m
  [31mremotes/origin/react-video-ui[m
  [31mremotes/origin/social-app[m
  [31mremotes/origin/tailwind-portfolio[m
  [31mremotes/origin/useMemo[m
  [31mremotes/origin/useReducer[m
  [31mremotes/origin/useeffect[m
